src/app/api/speak/route.ts(11,36): error TS2307: Cannot find module '@google/generative-ai' or its corresponding type declarations.
src/app/api/symbolize/route.ts(6,36): error TS2307: Cannot find module '@google/generative-ai' or its corresponding type declarations.
src/app/api/transcribe/route.ts(6,36): error TS2307: Cannot find module '@google/generative-ai' or its corresponding type declarations.
